// Jest Snapshot v1, https://goo.gl/fbAQLP

exports[`render App without data 1`] = `
Array [
  <nav>
    <section
      className="nav-header"
    >
      <a
        href="/"
        onClick={[Function]}
      >
        <img
          alt="Boba Tier Logo"
          src="boba-tier-logo.png"
        />
      </a>
    </section>
    <section
      className="nav-links"
    >
      <section
        className="desktop-nav"
      >
        <a
          aria-current="page"
          className="active"
          href="/"
          onClick={[Function]}
          style={Object {}}
        >
          <p>
            Home
          </p>
        </a>
        <a
          aria-current={null}
          href="/shops"
          onClick={[Function]}
        >
          <p>
            Shop List
          </p>
        </a>
        <a
          aria-current={null}
          href="/rankings"
          onClick={[Function]}
        >
          <p>
            Top 10
          </p>
        </a>
        <select>
          <option
            value="Houston"
          >
            Houston, TX
          </option>
        </select>
        <a
          aria-current={null}
          href="/login"
          onClick={[Function]}
        >
          <p>
            Log In
          </p>
        </a>
        <a
          aria-current={null}
          href="/register"
          onClick={[Function]}
        >
          <p>
            Sign Up
          </p>
        </a>
      </section>
      <section
        className="mobile-nav"
      >
        <svg
          aria-hidden="true"
          className="svg-inline--fa fa-bars fa-w-14 bars"
          data-icon="bars"
          data-prefix="fas"
          focusable="false"
          onClick={[Function]}
          role="img"
          style={Object {}}
          viewBox="0 0 448 512"
          xmlns="http://www.w3.org/2000/svg"
        >
          <path
            d="M16 132h416c8.837 0 16-7.163 16-16V76c0-8.837-7.163-16-16-16H16C7.163 60 0 67.163 0 76v40c0 8.837 7.163 16 16 16zm0 160h416c8.837 0 16-7.163 16-16v-40c0-8.837-7.163-16-16-16H16c-8.837 0-16 7.163-16 16v40c0 8.837 7.163 16 16 16zm0 160h416c8.837 0 16-7.163 16-16v-40c0-8.837-7.163-16-16-16H16c-8.837 0-16 7.163-16 16v40c0 8.837 7.163 16 16 16z"
            fill="currentColor"
            style={Object {}}
          />
        </svg>
      </section>
    </section>
  </nav>,
  <main>
    <section
      className="landing-page"
    >
      <section
        className="landing"
      >
        <h2>
          Rate the Best Boba Tea in Town!
        </h2>
        <p
          className="boba-description"
        >
          Boba Tier lets you rate all the drinks in boba shops by city. Along with keeping track of all the drinks you previously rated, you will also be able to see which drinks are the highest rated for that city. You can also leave comments on the shop pages expressing your thoughts about their drinks. Get started by using the navigation pane or click on demo to try it out as a guest!
        </p>
        <button
          className="demo"
          onClick={[Function]}
        >
          Demo
        </button>
        <div />
        <p
          className="city-notice"
        >
          Boba Tier is currently available for shops in Houston, TX. More cities will be added in the future!
        </p>
      </section>
      <section
        className="landing-info"
      >
        <img
          alt="boba drink 2"
          className="landing-image"
          src="boba-drink-2.jpg"
        />
        <img
          alt="boba drink 1"
          className="landing-image"
          src="boba-drink-1.jpg"
        />
        <img
          alt="boba drink 3"
          className="landing-image"
          src="boba-drink-3.jpg"
        />
      </section>
    </section>
  </main>,
]
`;
